// Jest Snapshot v1, https://goo.gl/fbAQLP

exports[`Profile should render the page 1`] = `"function"`;
