// Jest Snapshot v1, https://goo.gl/fbAQLP

exports[`Login should render the page 1`] = `"function"`;
