// Jest Snapshot v1, https://goo.gl/fbAQLP

exports[`Login should render the modal template 1`] = `"undefined"`;

exports[`Login should render the page 1`] = `"function"`;

exports[`Login should render the post template 1`] = `"undefined"`;
