// Jest Snapshot v1, https://goo.gl/fbAQLP

exports[`register should render the page 1`] = `"function"`;
